Creating account...
[2026-03-16T14:56:44.438Z] INFO: Using default public node url, please provide nodeUrl in provider options!
Account creation error: Cannot read properties of undefined (reading 'toLowerCase')
Stack: TypeError: Cannot read properties of undefined (reading 'toLowerCase')
    at new Account (D:\focusss\backend\node_modules\starknet\dist\index.js:11431:28)
    at Object.<anonymous> (D:\focusss\backend\test_account.js:11:19)
    at Module._compile (node:internal/modules/cjs/loader:1761:14)
    at Object..js (node:internal/modules/cjs/loader:1893:10)
    at Module.load (node:internal/modules/cjs/loader:1481:32)
    at Module._load (node:internal/modules/cjs/loader:1300:12)
    at TracingChannel.traceSync (node:diagnostics_channel:328:14)
    at wrapModuleLoad (node:internal/modules/cjs/loader:245:24)
    at Module.executeUserEntryPoint [as runMain] (node:internal/modules/run_main:154:5)
    at node:internal/main/run_main_module:33:47
